// Jest Snapshot v1, https://goo.gl/fbAQLP

exports[`scanModel extracts a test stage file predictably 1`] = `
Object {
  "address": 528,
  "meshes": Array [
    Object {
      "address": 552,
      "alpha": 1,
      "color": Array [
        1,
        1,
        1,
      ],
      "polygonDataLength": 136,
      "polygons": Array [
        Object {
          "actualVertexCount": 4,
          "address": 632,
          "vertexCount": 4,
          "vertexGroupMode": "regular",
          "vertexGroupModeValue": 22,
          "vertexes": Array [
            Object {
              "address": 640,
              "addressingMode": "direct",
              "contentAddress": 640,
              "contentModeValue": 3304718337,
              "index": 0,
              "normals": Array [
                3212836864,
                0,
                0,
              ],
              "position": Array [
                -2000.0001220703125,
                1400,
                -2000,
              ],
              "uv": Array [
                0,
                -1.401298464324817e-45,
              ],
            },
            Object {
              "address": 672,
              "addressingMode": "direct",
              "contentAddress": 672,
              "contentModeValue": 3304718337,
              "index": 1,
              "normals": Array [
                3212836864,
                0,
                0,
              ],
              "position": Array [
                -2000.0001220703125,
                1400,
                499.99969482421875,
              ],
              "uv": Array [
                10,
                -1.401298464324817e-45,
              ],
            },
            Object {
              "address": 704,
              "addressingMode": "direct",
              "contentAddress": 704,
              "contentModeValue": 3304718337,
              "index": 2,
              "normals": Array [
                3212836864,
                0,
                0,
              ],
              "position": Array [
                -2000.0001220703125,
                0,
                -2000,
              ],
              "uv": Array [
                0,
                -10.000000953674316,
              ],
            },
            Object {
              "address": 736,
              "addressingMode": "direct",
              "contentAddress": 736,
              "contentModeValue": 3304718337,
              "index": 3,
              "normals": Array [
                3212836864,
                0,
                0,
              ],
              "position": Array [
                -2000.0001220703125,
                0,
                499.99969482421875,
              ],
              "uv": Array [
                10,
                -10.000000953674316,
              ],
            },
          ],
        },
      ],
      "position": Array [
        0,
        0,
        -1000.0003051757812,
      ],
      "textureColorFormat": "RGB555",
      "textureColorFormatValue": 8,
      "textureControlValue": 134217728,
      "textureIndex": 0,
      "textureShadingValue": -1,
      "textureSize": Array [
        64,
        64,
      ],
      "textureSizeValue": 91,
      "textureWrappingFlags": Object {
        "hFlip": false,
        "hRepeat": true,
        "hStretch": false,
        "vFlip": false,
        "vRepeat": true,
      },
      "textureWrappingValue": 8,
    },
    Object {
      "address": 768,
      "alpha": 1,
      "color": Array [
        1,
        1,
        1,
      ],
      "polygonDataLength": 136,
      "polygons": Array [
        Object {
          "actualVertexCount": 4,
          "address": 848,
          "vertexCount": 4,
          "vertexGroupMode": "regular",
          "vertexGroupModeValue": 22,
          "vertexes": Array [
            Object {
              "address": 856,
              "addressingMode": "direct",
              "contentAddress": 856,
              "contentModeValue": 3292233729,
              "index": 0,
              "normals": Array [
                3212836864,
                0,
                0,
              ],
              "position": Array [
                -750.0000610351562,
                0,
                -750,
              ],
              "uv": Array [
                0,
                -1.401298464324817e-45,
              ],
            },
            Object {
              "address": 888,
              "addressingMode": "direct",
              "contentAddress": 888,
              "contentModeValue": 3292233729,
              "index": 1,
              "normals": Array [
                3212836864,
                0,
                0,
              ],
              "position": Array [
                -750.0000610351562,
                250,
                -750,
              ],
              "uv": Array [
                10,
                -1.401298464324817e-45,
              ],
            },
            Object {
              "address": 920,
              "addressingMode": "direct",
              "contentAddress": 920,
              "contentModeValue": 1144750081,
              "index": 2,
              "normals": Array [
                3212836864,
                0,
                0,
              ],
              "position": Array [
                750.0000610351562,
                0,
                -750,
              ],
              "uv": Array [
                0,
                -10.000000953674316,
              ],
            },
            Object {
              "address": 952,
              "addressingMode": "direct",
              "contentAddress": 952,
              "contentModeValue": 1144750081,
              "index": 3,
              "normals": Array [
                3212836864,
                0,
                0,
              ],
              "position": Array [
                750.0000610351562,
                250,
                -750,
              ],
              "uv": Array [
                10,
                -10.000000953674316,
              ],
            },
          ],
        },
      ],
      "position": Array [
        0,
        0,
        -1000.0003051757812,
      ],
      "textureColorFormat": "RGB555",
      "textureColorFormatValue": 8,
      "textureControlValue": 134217728,
      "textureIndex": 0,
      "textureShadingValue": -1,
      "textureSize": Array [
        64,
        64,
      ],
      "textureSizeValue": 91,
      "textureWrappingFlags": Object {
        "hFlip": false,
        "hRepeat": true,
        "hStretch": false,
        "vFlip": false,
        "vRepeat": true,
      },
      "textureWrappingValue": 8,
    },
    Object {
      "address": 984,
      "alpha": 1,
      "color": Array [
        1,
        1,
        1,
      ],
      "polygonDataLength": 136,
      "polygons": Array [
        Object {
          "actualVertexCount": 4,
          "address": 1064,
          "vertexCount": 4,
          "vertexGroupMode": "regular",
          "vertexGroupModeValue": 22,
          "vertexes": Array [
            Object {
              "address": 1072,
              "addressingMode": "direct",
              "contentAddress": 1072,
              "contentModeValue": 1157234689,
              "index": 0,
              "normals": Array [
                3212836864,
                0,
                0,
              ],
              "position": Array [
                2000.0001220703125,
                1400,
                -2000,
              ],
              "uv": Array [
                0,
                -1.401298464324817e-45,
              ],
            },
            Object {
              "address": 1104,
              "addressingMode": "direct",
              "contentAddress": 1104,
              "contentModeValue": 1157234689,
              "index": 1,
              "normals": Array [
                3212836864,
                0,
                0,
              ],
              "position": Array [
                2000.0001220703125,
                1400,
                499.99969482421875,
              ],
              "uv": Array [
                10,
                -1.401298464324817e-45,
              ],
            },
            Object {
              "address": 1136,
              "addressingMode": "direct",
              "contentAddress": 1136,
              "contentModeValue": 1157234689,
              "index": 2,
              "normals": Array [
                3212836864,
                0,
                0,
              ],
              "position": Array [
                2000.0001220703125,
                0,
                -2000,
              ],
              "uv": Array [
                0,
                -10.000000953674316,
              ],
            },
            Object {
              "address": 1168,
              "addressingMode": "direct",
              "contentAddress": 1168,
              "contentModeValue": 1157234689,
              "index": 3,
              "normals": Array [
                3212836864,
                0,
                0,
              ],
              "position": Array [
                2000.0001220703125,
                0,
                499.99969482421875,
              ],
              "uv": Array [
                10,
                -10.000000953674316,
              ],
            },
          ],
        },
      ],
      "position": Array [
        0,
        0,
        -1000.0003051757812,
      ],
      "textureColorFormat": "RGB555",
      "textureColorFormatValue": 8,
      "textureControlValue": 134217728,
      "textureIndex": 0,
      "textureShadingValue": -1,
      "textureSize": Array [
        64,
        64,
      ],
      "textureSizeValue": 91,
      "textureWrappingFlags": Object {
        "hFlip": false,
        "hRepeat": true,
        "hStretch": false,
        "vFlip": false,
        "vRepeat": true,
      },
      "textureWrappingValue": 8,
    },
    Object {
      "address": 1200,
      "alpha": 1,
      "color": Array [
        1,
        1,
        1,
      ],
      "polygonDataLength": 136,
      "polygons": Array [
        Object {
          "actualVertexCount": 4,
          "address": 1280,
          "vertexCount": 4,
          "vertexGroupMode": "regular",
          "vertexGroupModeValue": 22,
          "vertexes": Array [
            Object {
              "address": 1288,
              "addressingMode": "direct",
              "contentAddress": 1288,
              "contentModeValue": 3304718337,
              "index": 0,
              "normals": Array [
                3212836864,
                0,
                0,
              ],
              "position": Array [
                -2000.0001220703125,
                0,
                499.99969482421875,
              ],
              "uv": Array [
                0,
                -1.401298464324817e-45,
              ],
            },
            Object {
              "address": 1320,
              "addressingMode": "direct",
              "contentAddress": 1320,
              "contentModeValue": 3304718337,
              "index": 1,
              "normals": Array [
                3212836864,
                0,
                0,
              ],
              "position": Array [
                -2000.0001220703125,
                0,
                -2000,
              ],
              "uv": Array [
                10,
                -1.401298464324817e-45,
              ],
            },
            Object {
              "address": 1352,
              "addressingMode": "direct",
              "contentAddress": 1352,
              "contentModeValue": 1157234689,
              "index": 2,
              "normals": Array [
                3212836864,
                0,
                0,
              ],
              "position": Array [
                2000.0001220703125,
                0,
                499.99969482421875,
              ],
              "uv": Array [
                0,
                -10.000000953674316,
              ],
            },
            Object {
              "address": 1384,
              "addressingMode": "direct",
              "contentAddress": 1384,
              "contentModeValue": 1157234689,
              "index": 3,
              "normals": Array [
                3212836864,
                0,
                0,
              ],
              "position": Array [
                2000.0001220703125,
                0,
                -2000,
              ],
              "uv": Array [
                10,
                -10.000000953674316,
              ],
            },
          ],
        },
      ],
      "position": Array [
        0,
        0,
        -1000.0003051757812,
      ],
      "textureColorFormat": "RGB555",
      "textureColorFormatValue": 8,
      "textureControlValue": 134217728,
      "textureIndex": 0,
      "textureShadingValue": -1,
      "textureSize": Array [
        64,
        64,
      ],
      "textureSizeValue": 91,
      "textureWrappingFlags": Object {
        "hFlip": false,
        "hRepeat": true,
        "hStretch": false,
        "vFlip": false,
        "vRepeat": true,
      },
      "textureWrappingValue": 8,
    },
    Object {
      "address": 1416,
      "alpha": 1,
      "color": Array [
        1,
        1,
        1,
      ],
      "polygonDataLength": 136,
      "polygons": Array [
        Object {
          "actualVertexCount": 4,
          "address": 1496,
          "vertexCount": 4,
          "vertexGroupMode": "regular",
          "vertexGroupModeValue": 22,
          "vertexes": Array [
            Object {
              "address": 1504,
              "addressingMode": "direct",
              "contentAddress": 1504,
              "contentModeValue": 3304718337,
              "index": 0,
              "normals": Array [
                3212836864,
                0,
                0,
              ],
              "position": Array [
                -2000.0001220703125,
                1400,
                499.99969482421875,
              ],
              "uv": Array [
                0,
                -1.401298464324817e-45,
              ],
            },
            Object {
              "address": 1536,
              "addressingMode": "direct",
              "contentAddress": 1536,
              "contentModeValue": 3304718337,
              "index": 1,
              "normals": Array [
                3212836864,
                0,
                0,
              ],
              "position": Array [
                -2000.0001220703125,
                1400,
                -2000,
              ],
              "uv": Array [
                10,
                -1.401298464324817e-45,
              ],
            },
            Object {
              "address": 1568,
              "addressingMode": "direct",
              "contentAddress": 1568,
              "contentModeValue": 1157234689,
              "index": 2,
              "normals": Array [
                3212836864,
                0,
                0,
              ],
              "position": Array [
                2000.0001220703125,
                1400,
                499.99969482421875,
              ],
              "uv": Array [
                0,
                -10.000000953674316,
              ],
            },
            Object {
              "address": 1600,
              "addressingMode": "direct",
              "contentAddress": 1600,
              "contentModeValue": 1157234689,
              "index": 3,
              "normals": Array [
                3212836864,
                0,
                0,
              ],
              "position": Array [
                2000.0001220703125,
                1400,
                -2000,
              ],
              "uv": Array [
                10,
                -10.000000953674316,
              ],
            },
          ],
        },
      ],
      "position": Array [
        0,
        0,
        -1000.0003051757812,
      ],
      "textureColorFormat": "RGB555",
      "textureColorFormatValue": 8,
      "textureControlValue": 134217728,
      "textureIndex": 0,
      "textureShadingValue": -1,
      "textureSize": Array [
        64,
        64,
      ],
      "textureSizeValue": 91,
      "textureWrappingFlags": Object {
        "hFlip": false,
        "hRepeat": true,
        "hStretch": false,
        "vFlip": false,
        "vRepeat": true,
      },
      "textureWrappingValue": 8,
    },
    Object {
      "address": 1632,
      "alpha": 1,
      "color": Array [
        1,
        1,
        1,
      ],
      "polygonDataLength": 136,
      "polygons": Array [
        Object {
          "actualVertexCount": 4,
          "address": 1712,
          "vertexCount": 4,
          "vertexGroupMode": "regular",
          "vertexGroupModeValue": 22,
          "vertexes": Array [
            Object {
              "address": 1720,
              "addressingMode": "direct",
              "contentAddress": 1720,
              "contentModeValue": 3304718337,
              "index": 0,
              "normals": Array [
                3212836864,
                0,
                0,
              ],
              "position": Array [
                -2000.0001220703125,
                0,
                -2000,
              ],
              "uv": Array [
                0,
                -1.401298464324817e-45,
              ],
            },
            Object {
              "address": 1752,
              "addressingMode": "direct",
              "contentAddress": 1752,
              "contentModeValue": 3304718337,
              "index": 1,
              "normals": Array [
                3212836864,
                0,
                0,
              ],
              "position": Array [
                -2000.0001220703125,
                1400,
                -2000,
              ],
              "uv": Array [
                10,
                -1.401298464324817e-45,
              ],
            },
            Object {
              "address": 1784,
              "addressingMode": "direct",
              "contentAddress": 1784,
              "contentModeValue": 1157234689,
              "index": 2,
              "normals": Array [
                3212836864,
                0,
                0,
              ],
              "position": Array [
                2000.0001220703125,
                0,
                -2000,
              ],
              "uv": Array [
                0,
                -10.000000953674316,
              ],
            },
            Object {
              "address": 1816,
              "addressingMode": "direct",
              "contentAddress": 1816,
              "contentModeValue": 1157234689,
              "index": 3,
              "normals": Array [
                3212836864,
                0,
                0,
              ],
              "position": Array [
                2000.0001220703125,
                1400,
                -2000,
              ],
              "uv": Array [
                10,
                -10.000000953674316,
              ],
            },
          ],
        },
      ],
      "position": Array [
        0,
        0,
        -1000.0003051757812,
      ],
      "textureColorFormat": "RGB555",
      "textureColorFormatValue": 8,
      "textureControlValue": 134217728,
      "textureIndex": 0,
      "textureShadingValue": -1,
      "textureSize": Array [
        64,
        64,
      ],
      "textureSizeValue": 91,
      "textureWrappingFlags": Object {
        "hFlip": false,
        "hRepeat": true,
        "hStretch": false,
        "vFlip": false,
        "vRepeat": true,
      },
      "textureWrappingValue": 8,
    },
  ],
  "position": Array [
    0,
    590.4868774414062,
    -1039.7955322265625,
  ],
  "radius": 2994.93701171875,
  "totalVertexCount": 28,
}
`;
